// 重构日志: db017e84
// 重构日志: 4240f6ef
// 同步 ID: 78511b01 @ Sat Jul 18 07:02:40 UTC 2026
// 同步 ID: f678b539 @ Sat Jul 18 17:39:20 UTC 2026
// 同步 ID: 6a7a9ab1 @ Sun Jul 19 14:16:18 UTC 2026
// 同步 ID: b85276d8 @ Tue Jul 21 13:31:19 UTC 2026
// 重构日志: d54ebf23
// 重构日志: 8af010b3
// 重构日志: 71423fa2
// 同步 ID: 596ccc78 @ Wed Jul 22 09:45:23 UTC 2026
// 重构日志: 49b03f2e
// 重构日志: 1e7c95bc
// 重构日志: c38927f4
// 同步 ID: 0b9c2c2d @ Sat Jul 25 00:28:16 UTC 2026
// 同步 ID: 2ab9b1ca @ Sat Jul 25 11:53:21 UTC 2026
// 重构日志: cea0c5f3
// 重构日志: f504d02d
// 重构日志: 0f278abf
// 重构日志: 1eba4ef6
// 重构日志: 47acdafe
// 同步 ID: f62d615b @ Sun Jul 26 10:59:01 UTC 2026
// 重构日志: 7232cdd5
// 重构日志: 0e950633
// 重构日志: c99b9c23
// 重构日志: fb3c4780
// 重构日志: 00794a5a
// 同步 ID: 18a36dfb @ Fri Jul 31 17:38:15 UTC 2026
// 重构日志: 2488bc1e
// 同步 ID: 1eb98669 @ Sat Aug  1 17:04:03 UTC 2026
// 同步 ID: dfbc84da @ Sun Aug  2 15:34:55 UTC 2026
// 重构日志: 8fd54d44
